// Bun Snapshot v1, https://goo.gl/fbAQLP

exports[`tailwindcss-flow-type options DEFAULT_OPTIONS not change 1`] = `
{
  "fontSizeMax": 1.25,
  "fontSizeMin": 1.125,
  "override": false,
  "prefix": "flow",
  "ratioMax": 1.2,
  "ratioMin": 1.125,
  "screenMax": 96,
  "screenMin": 20,
  "unit": "rem",
}
`;

exports[`tailwindcss-flow-type options TAILWIND_FLOW_TYPES_SIZES not change 1`] = `
[
  "2xl",
  "3xl",
  "4xl",
  "5xl",
  "6xl",
  "7xl",
  "8xl",
  "9xl",
  "base",
  "lg",
  "sm",
  "xl",
  "xs",
]
`;

exports[`tailwindcss-flow-type options parseOptions should works as expected when provide settings 1`] = `
{
  "fontSizeMax": 3,
  "fontSizeMin": 1.5,
  "override": true,
  "prefix": "ggg",
  "ratioMax": 1.8,
  "ratioMin": 1.2,
  "screenMax": 1440,
  "screenMin": 360,
  "unit": "em",
}
`;
